Archive member included to satisfy reference by file (symbol)

c:/st/stm32cubeide_1.9.0/stm32cubeide/plugins/com.st.stm32cube.ide.mcu.externaltools.gnu-tools-for-stm32.10.3-2021.10.win32_1.0.0.202111181127/tools/bin/../lib/gcc/arm-none-eabi/10.3.1/../../../../arm-none-eabi/lib/thumb/v7e-m+fp/hard\libc_nano.a(lib_a-errno.o)
                              ./Core/Src/syscalls.o (__errno)
c:/st/stm32cubeide_1.9.0/stm32cubeide/plugins/com.st.stm32cube.ide.mcu.externaltools.gnu-tools-for-stm32.10.3-2021.10.win32_1.0.0.202111181127/tools/bin/../lib/gcc/arm-none-eabi/10.3.1/../../../../arm-none-eabi/lib/thumb/v7e-m+fp/hard\libc_nano.a(lib_a-exit.o)
                              c:/st/stm32cubeide_1.9.0/stm32cubeide/plugins/com.st.stm32cube.ide.mcu.externaltools.gnu-tools-for-stm32.10.3-2021.10.win32_1.0.0.202111181127/tools/bin/../lib/gcc/arm-none-eabi/10.3.1/../../../../arm-none-eabi/lib/thumb/v7e-m+fp/hard/crt0.o (exit)
c:/st/stm32cubeide_1.9.0/stm32cubeide/plugins/com.st.stm32cube.ide.mcu.externaltools.gnu-tools-for-stm32.10.3-2021.10.win32_1.0.0.202111181127/tools/bin/../lib/gcc/arm-none-eabi/10.3.1/../../../../arm-none-eabi/lib/thumb/v7e-m+fp/hard\libc_nano.a(lib_a-impure.o)
                              c:/st/stm32cubeide_1.9.0/stm32cubeide/plugins/com.st.stm32cube.ide.mcu.externaltools.gnu-tools-for-stm32.10.3-2021.10.win32_1.0.0.202111181127/tools/bin/../lib/gcc/arm-none-eabi/10.3.1/../../../../arm-none-eabi/lib/thumb/v7e-m+fp/hard\libc_nano.a(lib_a-exit.o) (_global_impure_ptr)
c:/st/stm32cubeide_1.9.0/stm32cubeide/plugins/com.st.stm32cube.ide.mcu.externaltools.gnu-tools-for-stm32.10.3-2021.10.win32_1.0.0.202111181127/tools/bin/../lib/gcc/arm-none-eabi/10.3.1/../../../../arm-none-eabi/lib/thumb/v7e-m+fp/hard\libc_nano.a(lib_a-init.o)
                              c:/st/stm32cubeide_1.9.0/stm32cubeide/plugins/com.st.stm32cube.ide.mcu.externaltools.gnu-tools-for-stm32.10.3-2021.10.win32_1.0.0.202111181127/tools/bin/../lib/gcc/arm-none-eabi/10.3.1/../../../../arm-none-eabi/lib/thumb/v7e-m+fp/hard/crt0.o (__libc_init_array)
c:/st/stm32cubeide_1.9.0/stm32cubeide/plugins/com.st.stm32cube.ide.mcu.externaltools.gnu-tools-for-stm32.10.3-2021.10.win32_1.0.0.202111181127/tools/bin/../lib/gcc/arm-none-eabi/10.3.1/../../../../arm-none-eabi/lib/thumb/v7e-m+fp/hard\libc_nano.a(lib_a-memset.o)
                              c:/st/stm32cubeide_1.9.0/stm32cubeide/plugins/com.st.stm32cube.ide.mcu.externaltools.gnu-tools-for-stm32.10.3-2021.10.win32_1.0.0.202111181127/tools/bin/../lib/gcc/arm-none-eabi/10.3.1/../../../../arm-none-eabi/lib/thumb/v7e-m+fp/hard/crt0.o (memset)

Discarded input sections

 .text          0x0000000000000000        0x0 c:/st/stm32cubeide_1.9.0/stm32cubeide/plugins/com.st.stm32cube.ide.mcu.externaltools.gnu-tools-for-stm32.10.3-2021.10.win32_1.0.0.202111181127/tools/bin/../lib/gcc/arm-none-eabi/10.3.1/thumb/v7e-m+fp/hard/crti.o
 .data          0x0000000000000000        0x0 c:/st/stm32cubeide_1.9.0/stm32cubeide/plugins/com.st.stm32cube.ide.mcu.externaltools.gnu-tools-for-stm32.10.3-2021.10.win32_1.0.0.202111181127/tools/bin/../lib/gcc/arm-none-eabi/10.3.1/thumb/v7e-m+fp/hard/crti.o
 .bss           0x0000000000000000        0x0 c:/st/stm32cubeide_1.9.0/stm32cubeide/plugins/com.st.stm32cube.ide.mcu.externaltools.gnu-tools-for-stm32.10.3-2021.10.win32_1.0.0.202111181127/tools/bin/../lib/gcc/arm-none-eabi/10.3.1/thumb/v7e-m+fp/hard/crti.o
 .data          0x0000000000000000        0x4 c:/st/stm32cubeide_1.9.0/stm32cubeide/plugins/com.st.stm32cube.ide.mcu.externaltools.gnu-tools-for-stm32.10.3-2021.10.win32_1.0.0.202111181127/tools/bin/../lib/gcc/arm-none-eabi/10.3.1/thumb/v7e-m+fp/hard/crtbegin.o
 .rodata        0x0000000000000000       0x24 c:/st/stm32cubeide_1.9.0/stm32cubeide/plugins/com.st.stm32cube.ide.mcu.externaltools.gnu-tools-for-stm32.10.3-2021.10.win32_1.0.0.202111181127/tools/bin/../lib/gcc/arm-none-eabi/10.3.1/thumb/v7e-m+fp/hard/crtbegin.o
 .text          0x0000000000000000       0x7c c:/st/stm32cubeide_1.9.0/stm32cubeide/plugins/com.st.stm32cube.ide.mcu.externaltools.gnu-tools-for-stm32.10.3-2021.10.win32_1.0.0.202111181127/tools/bin/../lib/gcc/arm-none-eabi/10.3.1/../../../../arm-none-eabi/lib/thumb/v7e-m+fp/hard/crt0.o
 .data          0x0000000000000000        0x0 c:/st/stm32cubeide_1.9.0/stm32cubeide/plugins/com.st.stm32cube.ide.mcu.externaltools.gnu-tools-for-stm32.10.3-2021.10.win32_1.0.0.202111181127/tools/bin/../lib/gcc/arm-none-eabi/10.3.1/../../../../arm-none-eabi/lib/thumb/v7e-m+fp/hard/crt0.o
 .bss           0x0000000000000000        0x0 c:/st/stm32cubeide_1.9.0/stm32cubeide/plugins/com.st.stm32cube.ide.mcu.externaltools.gnu-tools-for-stm32.10.3-2021.10.win32_1.0.0.202111181127/tools/bin/../lib/gcc/arm-none-eabi/10.3.1/../../../../arm-none-eabi/lib/thumb/v7e-m+fp/hard/crt0.o
[...]
Memory Configuration

Name             Origin             Length             Attributes
CCMRAM           0x0000000010000000 0x0000000000004000 xrw
RAM              0x0000000020000000 0x0000000000010000 xrw
FLASH            0x0000000008000000 0x0000000000080000 xr
*default*        0x0000000000000000 0xffffffffffffffff

Linker script and memory map

LOAD c:/st/stm32cubeide_1.9.0/stm32cubeide/plugins/com.st.stm32cube.ide.mcu.externaltools.gnu-tools-for-stm32.10.3-2021.10.win32_1.0.0.202111181127/tools/bin/../lib/gcc/arm-none-eabi/10.3.1/thumb/v7e-m+fp/hard/crti.o
LOAD c:/st/stm32cubeide_1.9.0/stm32cubeide/plugins/com.st.stm32cube.ide.mcu.externaltools.gnu-tools-for-stm32.10.3-2021.10.win32_1.0.0.202111181127/tools/bin/../lib/gcc/arm-none-eabi/10.3.1/thumb/v7e-m+fp/hard/crtbegin.o
LOAD c:/st/stm32cubeide_1.9.0/stm32cubeide/plugins/com.st.stm32cube.ide.mcu.externaltools.gnu-tools-for-stm32.10.3-2021.10.win32_1.0.0.202111181127/tools/bin/../lib/gcc/arm-none-eabi/10.3.1/../../../../arm-none-eabi/lib/thumb/v7e-m+fp/hard/crt0.o
LOAD ./Core/Src/main.o
LOAD ./Core/Src/stm32f3xx_hal_msp.o
LOAD ./Core/Src/stm32f3xx_it.o
LOAD ./Core/Src/syscalls.o
LOAD ./Core/Src/sysmem.o
LOAD ./Core/Src/system_stm32f3xx.o
LOAD ./Core/Startup/startup_stm32f303retx.o
LOAD ./Drivers/STM32F3xx_HAL_Driver/Src/stm32f3xx_hal.o
LOAD ./Drivers/STM32F3xx_HAL_Driver/Src/stm32f3xx_hal_adc.o
LOAD ./Drivers/STM32F3xx_HAL_Driver/Src/stm32f3xx_hal_adc_ex.o
LOAD ./Drivers/STM32F3xx_HAL_Driver/Src/stm32f3xx_hal_cortex.o
LOAD ./Drivers/STM32F3xx_HAL_Driver/Src/stm32f3xx_hal_dma.o
LOAD ./Drivers/STM32F3xx_HAL_Driver/Src/stm32f3xx_hal_exti.o
LOAD ./Drivers/STM32F3xx_HAL_Driver/Src/stm32f3xx_hal_flash.o
LOAD ./Drivers/STM32F3xx_HAL_Driver/Src/stm32f3xx_hal_flash_ex.o
LOAD ./Drivers/STM32F3xx_HAL_Driver/Src/stm32f3xx_hal_gpio.o
LOAD ./Drivers/STM32F3xx_HAL_Driver/Src/stm32f3xx_hal_i2c.o
LOAD ./Drivers/STM32F3xx_HAL_Driver/Src/stm32f3xx_hal_i2c_ex.o
LOAD ./Drivers/STM32F3xx_HAL_Driver/Src/stm32f3xx_hal_pwr.o
LOAD ./Drivers/STM32F3xx_HAL_Driver/Src/stm32f3xx_hal_pwr_ex.o
LOAD ./Drivers/STM32F3xx_HAL_Driver/Src/stm32f3xx_hal_rcc.o
LOAD ./Drivers/STM32F3xx_HAL_Driver/Src/stm32f3xx_hal_rcc_ex.o
LOAD ./Drivers/STM32F3xx_HAL_Driver/Src/stm32f3xx_hal_tim.o
LOAD ./Drivers/STM32F3xx_HAL_Driver/Src/stm32f3xx_hal_tim_ex.o
LOAD ./Drivers/STM32F3xx_HAL_Driver/Src/stm32f3xx_hal_uart.o
LOAD ./Drivers/STM32F3xx_HAL_Driver/Src/stm32f3xx_hal_uart_ex.o
START GROUP
LOAD c:/st/stm32cubeide_1.9.0/stm32cubeide/plugins/com.st.stm32cube.ide.mcu.externaltools.gnu-tools-for-stm32.10.3-2021.10.win32_1.0.0.202111181127/tools/bin/../lib/gcc/arm-none-eabi/10.3.1/../../../../arm-none-eabi/lib/thumb/v7e-m+fp/hard\libc_nano.a
LOAD c:/st/stm32cubeide_1.9.0/stm32cubeide/plugins/com.st.stm32cube.ide.mcu.externaltools.gnu-tools-for-stm32.10.3-2021.10.win32_1.0.0.202111181127/tools/bin/../lib/gcc/arm-none-eabi/10.3.1/../../../../arm-none-eabi/lib/thumb/v7e-m+fp/hard\libm.a
END GROUP
START GROUP
LOAD c:/st/stm32cubeide_1.9.0/stm32cubeide/plugins/com.st.stm32cube.ide.mcu.externaltools.gnu-tools-for-stm32.10.3-2021.10.win32_1.0.0.202111181127/tools/bin/../lib/gcc/arm-none-eabi/10.3.1/thumb/v7e-m+fp/hard\libgcc.a
LOAD c:/st/stm32cubeide_1.9.0/stm32cubeide/plugins/com.st.stm32cube.ide.mcu.externaltools.gnu-tools-for-stm32.10.3-2021.10.win32_1.0.0.202111181127/tools/bin/../lib/gcc/arm-none-eabi/10.3.1/../../../../arm-none-eabi/lib/thumb/v7e-m+fp/hard\libc_nano.a
END GROUP
START GROUP
LOAD c:/st/stm32cubeide_1.9.0/stm32cubeide/plugins/com.st.stm32cube.ide.mcu.externaltools.gnu-tools-for-stm32.10.3-2021.10.win32_1.0.0.202111181127/tools/bin/../lib/gcc/arm-none-eabi/10.3.1/thumb/v7e-m+fp/hard\libgcc.a
LOAD c:/st/stm32cubeide_1.9.0/stm32cubeide/plugins/com.st.stm32cube.ide.mcu.externaltools.gnu-tools-for-stm32.10.3-2021.10.win32_1.0.0.202111181127/tools/bin/../lib/gcc/arm-none-eabi/10.3.1/../../../../arm-none-eabi/lib/thumb/v7e-m+fp/hard\libc_nano.a
LOAD c:/st/stm32cubeide_1.9.0/stm32cubeide/plugins/com.st.stm32cube.ide.mcu.externaltools.gnu-tools-for-stm32.10.3-2021.10.win32_1.0.0.202111181127/tools/bin/../lib/gcc/arm-none-eabi/10.3.1/../../../../arm-none-eabi/lib/thumb/v7e-m+fp/hard\libnosys.a
END GROUP
START GROUP
LOAD c:/st/stm32cubeide_1.9.0/stm32cubeide/plugins/com.st.stm32cube.ide.mcu.externaltools.gnu-tools-for-stm32.10.3-2021.10.win32_1.0.0.202111181127/tools/bin/../lib/gcc/arm-none-eabi/10.3.1/thumb/v7e-m+fp/hard\libgcc.a
LOAD c:/st/stm32cubeide_1.9.0/stm32cubeide/plugins/com.st.stm32cube.ide.mcu.externaltools.gnu-tools-for-stm32.10.3-2021.10.win32_1.0.0.202111181127/tools/bin/../lib/gcc/arm-none-eabi/10.3.1/../../../../arm-none-eabi/lib/thumb/v7e-m+fp/hard\libc_nano.a
LOAD c:/st/stm32cubeide_1.9.0/stm32cubeide/plugins/com.st.stm32cube.ide.mcu.externaltools.gnu-tools-for-stm32.10.3-2021.10.win32_1.0.0.202111181127/tools/bin/../lib/gcc/arm-none-eabi/10.3.1/../../../../arm-none-eabi/lib/thumb/v7e-m+fp/hard\libnosys.a
END GROUP
LOAD c:/st/stm32cubeide_1.9.0/stm32cubeide/plugins/com.st.stm32cube.ide.mcu.externaltools.gnu-tools-for-stm32.10.3-2021.10.win32_1.0.0.202111181127/tools/bin/../lib/gcc/arm-none-eabi/10.3.1/thumb/v7e-m+fp/hard/crtend.o
LOAD c:/st/stm32cubeide_1.9.0/stm32cubeide/plugins/com.st.stm32cube.ide.mcu.externaltools.gnu-tools-for-stm32.10.3-2021.10.win32_1.0.0.202111181127/tools/bin/../lib/gcc/arm-none-eabi/10.3.1/thumb/v7e-m+fp/hard/crtn.o
                0x0000000020010000                _estack = (ORIGIN (RAM) + LENGTH (RAM))
                0x0000000000000200                _Min_Heap_Size = 0x200
                0x0000000000000400                _Min_Stack_Size = 0x400

.isr_vector     0x0000000008000000      0x194
                0x0000000008000000                . = ALIGN (0x4)
 *(.isr_vector)
 .isr_vector    0x0000000008000000      0x194 ./Core/Startup/startup_stm32f303retx.o
                0x0000000008000000                g_pfnVectors
                0x0000000008000194                . = ALIGN (0x4)

.text           0x0000000008000194     0x4b74
                0x0000000008000194                . = ALIGN (0x4)
 *(.text)
 .text          0x0000000008000194       0x40 c:/st/stm32cubeide_1.9.0/stm32cubeide/plugins/com.st.stm32cube.ide.mcu.externaltools.gnu-tools-for-stm32.10.3-2021.10.win32_1.0.0.202111181127/tools/bin/../lib/gcc/arm-none-eabi/10.3.1/thumb/v7e-m+fp/hard/crtbegin.o
 *(.text*)
 .text.main     0x00000000080001d4       0x30 ./Core/Src/main.o
                0x00000000080001d4                main
 .text.SystemClock_Config
                0x0000000008000204       0xc8 ./Core/Src/main.o
                0x0000000008000204                SystemClock_Config
 .text.MX_ADC1_Init
                0x00000000080002cc       0xe0 ./Core/Src/main.o
 .text.MX_TIM1_Init
                0x00000000080003ac      0x15c ./Core/Src/main.o
 .text.MX_USART2_UART_Init
                0x0000000008000508       0x60 ./Core/Src/main.o
 .text.MX_GPIO_Init
                0x0000000008000568       0xcc ./Core/Src/main.o
 .text.Error_Handler
                0x0000000008000634        0xa ./Core/Src/main.o
                0x0000000008000634                Error_Handler
 *fill*         0x000000000800063e        0x2 
 .text.HAL_MspInit
                0x0000000008000640       0x48 ./Core/Src/stm32f3xx_hal_msp.o
                0x0000000008000640                HAL_MspInit
 .text.HAL_ADC_MspInit
                0x0000000008000688       0x78 ./Core/Src/stm32f3xx_hal_msp.o
                0x0000000008000688                HAL_ADC_MspInit
 .text.HAL_TIM_Base_MspInit
                0x0000000008000700       0x40 ./Core/Src/stm32f3xx_hal_msp.o
                0x0000000008000700                HAL_TIM_Base_MspInit
 .text.HAL_TIM_MspPostInit
                0x0000000008000740       0x70 ./Core/Src/stm32f3xx_hal_msp.o
                0x0000000008000740                HAL_TIM_MspPostInit
 .text.HAL_UART_MspInit
                0x00000000080007b0       0x84 ./Core/Src/stm32f3xx_hal_msp.o
                0x00000000080007b0                HAL_UART_MspInit
 .text.NMI_Handler
                0x0000000008000834        0x6 ./Core/Src/stm32f3xx_it.o
                0x0000000008000834                NMI_Handler
 .text.HardFault_Handler
                0x000000000800083a        0x6 ./Core/Src/stm32f3xx_it.o
                0x000000000800083a                HardFault_Handler
 .text.MemManage_Handler
                0x0000000008000840        0x6 ./Core/Src/stm32f3xx_it.o
                0x0000000008000840                MemManage_Handler
 .text.BusFault_Handler
                0x0000000008000846        0x6 ./Core/Src/stm32f3xx_it.o
                0x0000000008000846                BusFault_Handler
 .text.UsageFault_Handler
                0x000000000800084c        0x6 ./Core/Src/stm32f3xx_it.o
                0x000000000800084c                UsageFault_Handler
 .text.SVC_Handler
                0x0000000008000852        0xe ./Core/Src/stm32f3xx_it.o
                0x0000000008000852                SVC_Handler
 .text.DebugMon_Handler
                0x0000000008000860        0xe ./Core/Src/stm32f3xx_it.o
                0x0000000008000860                DebugMon_Handler
 .text.PendSV_Handler
                0x000000000800086e        0xe ./Core/Src/stm32f3xx_it.o
                0x000000000800086e                PendSV_Handler
 .text.SysTick_Handler
                0x000000000800087c        0xc ./Core/Src/stm32f3xx_it.o
                0x000000000800087c                SysTick_Handler
 .text.SystemInit
                0x0000000008000888       0x24 ./Core/Src/system_stm32f3xx.o
                0x0000000008000888                SystemInit
 .text.Reset_Handler
                0x00000000080008ac       0x50 ./Core/Startup/startup_stm32f303retx.o
                0x00000000080008ac                Reset_Handler
 .text.Default_Handler
                0x00000000080008fc        0x2 ./Core/Startup/startup_stm32f303retx.o
                0x00000000080008fc                RTC_Alarm_IRQHandler
                0x00000000080008fc                TIM8_TRG_COM_IRQHandler
                0x00000000080008fc                TIM8_CC_IRQHandler
                0x00000000080008fc                SPI4_IRQHandler
                0x00000000080008fc                TIM1_CC_IRQHandler
                0x00000000080008fc                USB_HP_IRQHandler
                0x00000000080008fc                PVD_IRQHandler
                0x00000000080008fc                TAMP_STAMP_IRQHandler
                0x00000000080008fc                EXTI3_IRQHandler
                0x00000000080008fc                I2C3_ER_IRQHandler
                0x00000000080008fc                USB_HP_CAN_TX_IRQHandler
                0x00000000080008fc                EXTI0_IRQHandler
                0x00000000080008fc                I2C2_EV_IRQHandler
                0x00000000080008fc                FPU_IRQHandler
                0x00000000080008fc                TIM1_UP_TIM16_IRQHandler
                0x00000000080008fc                ADC1_2_IRQHandler
                0x00000000080008fc                SPI1_IRQHandler
                0x00000000080008fc                CAN_SCE_IRQHandler
                0x00000000080008fc                TIM6_DAC_IRQHandler
                0x00000000080008fc                TIM8_UP_IRQHandler
                0x00000000080008fc                DMA2_Channel2_IRQHandler
                0x00000000080008fc                DMA1_Channel4_IRQHandler
                0x00000000080008fc                TIM20_TRG_COM_IRQHandler
                0x00000000080008fc                USART3_IRQHandler
                0x00000000080008fc                DMA1_Channel7_IRQHandler
                0x00000000080008fc                UART5_IRQHandler
                0x00000000080008fc                ADC3_IRQHandler
                0x00000000080008fc                TIM4_IRQHandler
                0x00000000080008fc                CAN_RX1_IRQHandler
                0x00000000080008fc                DMA2_Channel1_IRQHandler
                0x00000000080008fc                I2C1_EV_IRQHandler
                0x00000000080008fc                DMA1_Channel6_IRQHandler
                0x00000000080008fc                UART4_IRQHandler
                0x00000000080008fc                DMA2_Channel4_IRQHandler
                0x00000000080008fc                TIM3_IRQHandler
                0x00000000080008fc                RCC_IRQHandler
                0x00000000080008fc                TIM20_UP_IRQHandler
                0x00000000080008fc                DMA1_Channel1_IRQHandler
                0x00000000080008fc                Default_Handler
                0x00000000080008fc                USBWakeUp_RMP_IRQHandler
                0x00000000080008fc                EXTI15_10_IRQHandler
                0x00000000080008fc                TIM7_IRQHandler
                0x00000000080008fc                I2C3_EV_IRQHandler
                0x00000000080008fc                EXTI9_5_IRQHandler
                0x00000000080008fc                RTC_WKUP_IRQHandler
                0x00000000080008fc                SPI2_IRQHandler
                0x00000000080008fc                USB_LP_CAN_RX0_IRQHandler
                0x00000000080008fc                DMA2_Channel5_IRQHandler
                0x00000000080008fc                DMA1_Channel5_IRQHandler
                0x00000000080008fc                USB_LP_IRQHandler
                0x00000000080008fc                EXTI4_IRQHandler
                0x00000000080008fc                TIM1_TRG_COM_TIM17_IRQHandler
                0x00000000080008fc                DMA1_Channel3_IRQHandler
                0x00000000080008fc                ADC4_IRQHandler
                0x00000000080008fc                WWDG_IRQHandler
                0x00000000080008fc                TIM2_IRQHandler
                0x00000000080008fc                COMP7_IRQHandler
                0x00000000080008fc                COMP1_2_3_IRQHandler
                0x00000000080008fc                EXTI1_IRQHandler
                0x00000000080008fc                USART2_IRQHandler
                0x00000000080008fc                COMP4_5_6_IRQHandler
                0x00000000080008fc                TIM20_BRK_IRQHandler
                0x00000000080008fc                I2C2_ER_IRQHandler
                0x00000000080008fc                DMA1_Channel2_IRQHandler
                0x00000000080008fc                TIM8_BRK_IRQHandler
                0x00000000080008fc                FLASH_IRQHandler
                0x00000000080008fc                TIM20_CC_IRQHandler
                0x00000000080008fc                USART1_IRQHandler
                0x00000000080008fc                SPI3_IRQHandler
                0x00000000080008fc                I2C1_ER_IRQHandler
                0x00000000080008fc                FMC_IRQHandler
                0x00000000080008fc                USBWakeUp_IRQHandler
                0x00000000080008fc                DMA2_Channel3_IRQHandler
                0x00000000080008fc                EXTI2_TSC_IRQHandler
                0x00000000080008fc                TIM1_BRK_TIM15_IRQHandler
 *fill*         0x00000000080008fe        0x2 
 .text.HAL_Init
                0x0000000008000900       0x2c ./Drivers/STM32F3xx_HAL_Driver/Src/stm32f3xx_hal.o
                0x0000000008000900                HAL_Init
 .text.HAL_InitTick
                0x000000000800092c       0x60 ./Drivers/STM32F3xx_HAL_Driver/Src/stm32f3xx_hal.o
                0x000000000800092c                HAL_InitTick
 .text.HAL_IncTick
                0x000000000800098c       0x28 ./Drivers/STM32F3xx_HAL_Driver/Src/stm32f3xx_hal.o
                0x000000000800098c                HAL_IncTick
 .text.HAL_GetTick
                0x00000000080009b4       0x18 ./Drivers/STM32F3xx_HAL_Driver/Src/stm32f3xx_hal.o
                0x00000000080009b4                HAL_GetTick
 .text.HAL_Delay
                0x00000000080009cc       0x48 ./Drivers/STM32F3xx_HAL_Driver/Src/stm32f3xx_hal.o
                0x00000000080009cc                HAL_Delay
 .text.HAL_ADC_Init
                0x0000000008000a14      0x3f4 ./Drivers/STM32F3xx_HAL_Driver/Src/stm32f3xx_hal_adc_ex.o
                0x0000000008000a14                HAL_ADC_Init
 .text.HAL_ADC_ConfigChannel
                0x0000000008000e08      0x5d8 ./Drivers/STM32F3xx_HAL_Driver/Src/stm32f3xx_hal_adc_ex.o
                0x0000000008000e08                HAL_ADC_ConfigChannel
 .text.HAL_ADCEx_MultiModeConfigChannel
                0x00000000080013e0      0x1e4 ./Drivers/STM32F3xx_HAL_Driver/Src/stm32f3xx_hal_adc_ex.o
                0x00000000080013e0                HAL_ADCEx_MultiModeConfigChannel
 .text.ADC_Disable
                0x00000000080015c4       0xcc ./Drivers/STM32F3xx_HAL_Driver/Src/stm32f3xx_hal_adc_ex.o
 .text.__NVIC_SetPriorityGrouping
                0x0000000008001690       0x48 ./Drivers/STM32F3xx_HAL_Driver/Src/stm32f3xx_hal_cortex.o
 .text.__NVIC_GetPriorityGrouping
                0x00000000080016d8       0x1c ./Drivers/STM32F3xx_HAL_Driver/Src/stm32f3xx_hal_cortex.o
 .text.__NVIC_SetPriority
                0x00000000080016f4       0x54 ./Drivers/STM32F3xx_HAL_Driver/Src/stm32f3xx_hal_cortex.o
 .text.NVIC_EncodePriority
                0x0000000008001748       0x66 ./Drivers/STM32F3xx_HAL_Driver/Src/stm32f3xx_hal_cortex.o
 *fill*         0x00000000080017ae        0x2 
 .text.SysTick_Config
                0x00000000080017b0       0x44 ./Drivers/STM32F3xx_HAL_Driver/Src/stm32f3xx_hal_cortex.o
 .text.HAL_NVIC_SetPriorityGrouping
                0x00000000080017f4       0x16 ./Drivers/STM32F3xx_HAL_Driver/Src/stm32f3xx_hal_cortex.o
                0x00000000080017f4                HAL_NVIC_SetPriorityGrouping
 .text.HAL_NVIC_SetPriority
                0x000000000800180a       0x38 ./Drivers/STM32F3xx_HAL_Driver/Src/stm32f3xx_hal_cortex.o
                0x000000000800180a                HAL_NVIC_SetPriority
 .text.HAL_SYSTICK_Config
                0x0000000008001842       0x18 ./Drivers/STM32F3xx_HAL_Driver/Src/stm32f3xx_hal_cortex.o
                0x0000000008001842                HAL_SYSTICK_Config
 *fill*         0x000000000800185a        0x2 
 .text.HAL_GPIO_Init
                0x000000000800185c      0x314 ./Drivers/STM32F3xx_HAL_Driver/Src/stm32f3xx_hal_gpio.o
                0x000000000800185c                HAL_GPIO_Init
 .text.HAL_GPIO_WritePin
                0x0000000008001b70       0x30 ./Drivers/STM32F3xx_HAL_Driver/Src/stm32f3xx_hal_gpio.o
                0x0000000008001b70                HAL_GPIO_WritePin
 .text.HAL_GPIO_TogglePin
                0x0000000008001ba0       0x34 ./Drivers/STM32F3xx_HAL_Driver/Src/stm32f3xx_hal_gpio.o
                0x0000000008001ba0                HAL_GPIO_TogglePin
 .text.HAL_RCC_OscConfig
                0x0000000008001bd4     0x10a8 ./Drivers/STM32F3xx_HAL_Driver/Src/stm32f3xx_hal_rcc.o
                0x0000000008001bd4                HAL_RCC_OscConfig
 .text.HAL_RCC_ClockConfig
                0x0000000008002c7c      0x2f8 ./Drivers/STM32F3xx_HAL_Driver/Src/stm32f3xx_hal_rcc.o
                0x0000000008002c7c                HAL_RCC_ClockConfig
 .text.HAL_RCC_GetSysClockFreq
                0x0000000008002f74       0xd4 ./Drivers/STM32F3xx_HAL_Driver/Src/stm32f3xx_hal_rcc.o
                0x0000000008002f74                HAL_RCC_GetSysClockFreq
 .text.HAL_RCC_GetHCLKFreq
                0x0000000008003048       0x18 ./Drivers/STM32F3xx_HAL_Driver/Src/stm32f3xx_hal_rcc.o
                0x0000000008003048                HAL_RCC_GetHCLKFreq
 .text.HAL_RCC_GetPCLK1Freq
                0x0000000008003060       0x44 ./Drivers/STM32F3xx_HAL_Driver/Src/stm32f3xx_hal_rcc.o
                0x0000000008003060                HAL_RCC_GetPCLK1Freq
 .text.HAL_RCC_GetPCLK2Freq
                0x00000000080030a4       0x44 ./Drivers/STM32F3xx_HAL_Driver/Src/stm32f3xx_hal_rcc.o
                0x00000000080030a4                HAL_RCC_GetPCLK2Freq
 .text.HAL_RCCEx_PeriphCLKConfig
                0x00000000080030e8      0x43c ./Drivers/STM32F3xx_HAL_Driver/Src/stm32f3xx_hal_rcc_ex.o
                0x00000000080030e8                HAL_RCCEx_PeriphCLKConfig
 .text.HAL_TIM_Base_Init
                0x0000000008003524       0xae ./Drivers/STM32F3xx_HAL_Driver/Src/stm32f3xx_hal_tim.o
                0x0000000008003524                HAL_TIM_Base_Init
 .text.HAL_TIM_PWM_Init
                0x00000000080035d2       0xae ./Drivers/STM32F3xx_HAL_Driver/Src/stm32f3xx_hal_tim.o
                0x00000000080035d2                HAL_TIM_PWM_Init
 .text.HAL_TIM_PWM_MspInit
                0x0000000008003680       0x14 ./Drivers/STM32F3xx_HAL_Driver/Src/stm32f3xx_hal_tim.o
                0x0000000008003680                HAL_TIM_PWM_MspInit
 .text.HAL_TIM_PWM_ConfigChannel
                0x0000000008003694      0x228 ./Drivers/STM32F3xx_HAL_Driver/Src/stm32f3xx_hal_tim.o
                0x0000000008003694                HAL_TIM_PWM_ConfigChannel
 .text.HAL_TIM_ConfigClockSource
                0x00000000080038bc      0x192 ./Drivers/STM32F3xx_HAL_Driver/Src/stm32f3xx_hal_tim.o
                0x00000000080038bc                HAL_TIM_ConfigClockSource
 *fill*         0x0000000008003a4e        0x2 
 .text.TIM_Base_SetConfig
                0x0000000008003a50      0x13c ./Drivers/STM32F3xx_HAL_Driver/Src/stm32f3xx_hal_tim.o
                0x0000000008003a50                TIM_Base_SetConfig
 .text.TIM_OC1_SetConfig
                0x0000000008003b8c      0x134 ./Drivers/STM32F3xx_HAL_Driver/Src/stm32f3xx_hal_tim.o
 .text.TIM_OC2_SetConfig
                0x0000000008003cc0      0x128 ./Drivers/STM32F3xx_HAL_Driver/Src/stm32f3xx_hal_tim.o
                0x0000000008003cc0                TIM_OC2_SetConfig
 .text.TIM_OC3_SetConfig
                0x0000000008003de8      0x124 ./Drivers/STM32F3xx_HAL_Driver/Src/stm32f3xx_hal_tim.o
 .text.TIM_OC4_SetConfig
                0x0000000008003f0c       0xe0 ./Drivers/STM32F3xx_HAL_Driver/Src/stm32f3xx_hal_tim.o
 .text.TIM_OC5_SetConfig
                0x0000000008003fec       0xd4 ./Drivers/STM32F3xx_HAL_Driver/Src/stm32f3xx_hal_tim.o
 .text.TIM_OC6_SetConfig
                0x00000000080040c0       0xd8 ./Drivers/STM32F3xx_HAL_Driver/Src/stm32f3xx_hal_tim.o
 .text.TIM_TI1_ConfigInputStage
                0x0000000008004198       0x5e ./Drivers/STM32F3xx_HAL_Driver/Src/stm32f3xx_hal_tim.o
 .text.TIM_TI2_ConfigInputStage
                0x00000000080041f6       0x60 ./Drivers/STM32F3xx_HAL_Driver/Src/stm32f3xx_hal_tim.o
 .text.TIM_ITRx_SetConfig
                0x0000000008004256       0x36 ./Drivers/STM32F3xx_HAL_Driver/Src/stm32f3xx_hal_tim.o
 .text.TIM_ETR_SetConfig
                0x000000000800428c       0x40 ./Drivers/STM32F3xx_HAL_Driver/Src/stm32f3xx_hal_tim.o
                0x000000000800428c                TIM_ETR_SetConfig
 .text.HAL_TIMEx_MasterConfigSynchronization
                0x00000000080042cc      0x118 ./Drivers/STM32F3xx_HAL_Driver/Src/stm32f3xx_hal_tim_ex.o
                0x00000000080042cc                HAL_TIMEx_MasterConfigSynchronization
 .text.HAL_TIMEx_ConfigBreakDeadTime
                0x00000000080043e4      0x10c ./Drivers/STM32F3xx_HAL_Driver/Src/stm32f3xx_hal_tim_ex.o
                0x00000000080043e4                HAL_TIMEx_ConfigBreakDeadTime
 .text.HAL_UART_Init
                0x00000000080044f0       0x9c ./Drivers/STM32F3xx_HAL_Driver/Src/stm32f3xx_hal_uart.o
                0x00000000080044f0                HAL_UART_Init
 .text.UART_SetConfig
                0x000000000800458c      0x3ac ./Drivers/STM32F3xx_HAL_Driver/Src/stm32f3xx_hal_uart.o
                0x000000000800458c                UART_SetConfig
 .text.UART_AdvFeatureConfig
                0x0000000008004938      0x144 ./Drivers/STM32F3xx_HAL_Driver/Src/stm32f3xx_hal_uart.o
                0x0000000008004938                UART_AdvFeatureConfig
 .text.UART_CheckIdleState
                0x0000000008004a7c       0x92 ./Drivers/STM32F3xx_HAL_Driver/Src/stm32f3xx_hal_uart.o
                0x0000000008004a7c                UART_CheckIdleState
 .text.UART_WaitOnFlagUntilTimeout
                0x0000000008004b0e      0x188 ./Drivers/STM32F3xx_HAL_Driver/Src/stm32f3xx_hal_uart.o
                0x0000000008004b0e                UART_WaitOnFlagUntilTimeout
 *fill*         0x0000000008004c96        0x2 
 .text.__libc_init_array
                0x0000000008004c98       0x48 c:/st/stm32cubeide_1.9.0/stm32cubeide/plugins/com.st.stm32cube.ide.mcu.externaltools.gnu-tools-for-stm32.10.3-2021.10.win32_1.0.0.202111181127/tools/bin/../lib/gcc/arm-none-eabi/10.3.1/../../../../arm-none-eabi/lib/thumb/v7e-m+fp/hard\libc_nano.a(lib_a-init.o)
                0x0000000008004c98                __libc_init_array
 .text.memset   0x0000000008004ce0       0x10 c:/st/stm32cubeide_1.9.0/stm32cubeide/plugins/com.st.stm32cube.ide.mcu.externaltools.gnu-tools-for-stm32.10.3-2021.10.win32_1.0.0.202111181127/tools/bin/../lib/gcc/arm-none-eabi/10.3.1/../../../../arm-none-eabi/lib/thumb/v7e-m+fp/hard\libc_nano.a(lib_a-memset.o)
                0x0000000008004ce0                memset
 *(.glue_7)
 .glue_7        0x0000000008004cf0        0x0 linker stubs
 *(.glue_7t)
 .glue_7t       0x0000000008004cf0        0x0 linker stubs
 *(.eh_frame)
 .eh_frame      0x0000000008004cf0        0x0 c:/st/stm32cubeide_1.9.0/stm32cubeide/plugins/com.st.stm32cube.ide.mcu.externaltools.gnu-tools-for-stm32.10.3-2021.10.win32_1.0.0.202111181127/tools/bin/../lib/gcc/arm-none-eabi/10.3.1/thumb/v7e-m+fp/hard/crtbegin.o
 *(.init)
 .init          0x0000000008004cf0        0x4 c:/st/stm32cubeide_1.9.0/stm32cubeide/plugins/com.st.stm32cube.ide.mcu.externaltools.gnu-tools-for-stm32.10.3-2021.10.win32_1.0.0.202111181127/tools/bin/../lib/gcc/arm-none-eabi/10.3.1/thumb/v7e-m+fp/hard/crti.o
                0x0000000008004cf0                _init
 .init          0x0000000008004cf4        0x8 c:/st/stm32cubeide_1.9.0/stm32cubeide/plugins/com.st.stm32cube.ide.mcu.externaltools.gnu-tools-for-stm32.10.3-2021.10.win32_1.0.0.202111181127/tools/bin/../lib/gcc/arm-none-eabi/10.3.1/thumb/v7e-m+fp/hard/crtn.o
 *(.fini)
 .fini          0x0000000008004cfc        0x4 c:/st/stm32cubeide_1.9.0/stm32cubeide/plugins/com.st.stm32cube.ide.mcu.externaltools.gnu-tools-for-stm32.10.3-2021.10.win32_1.0.0.202111181127/tools/bin/../lib/gcc/arm-none-eabi/10.3.1/thumb/v7e-m+fp/hard/crti.o
                0x0000000008004cfc                _fini
 .fini          0x0000000008004d00        0x8 c:/st/stm32cubeide_1.9.0/stm32cubeide/plugins/com.st.stm32cube.ide.mcu.externaltools.gnu-tools-for-stm32.10.3-2021.10.win32_1.0.0.202111181127/tools/bin/../lib/gcc/arm-none-eabi/10.3.1/thumb/v7e-m+fp/hard/crtn.o
                0x0000000008004d08                . = ALIGN (0x4)
                0x0000000008004d08                _etext = .

.vfp11_veneer   0x0000000008004d08        0x0
 .vfp11_veneer  0x0000000008004d08        0x0 linker stubs

.v4_bx          0x0000000008004d08        0x0
 .v4_bx         0x0000000008004d08        0x0 linker stubs

.iplt           0x0000000008004d08        0x0
 .iplt          0x0000000008004d08        0x0 c:/st/stm32cubeide_1.9.0/stm32cubeide/plugins/com.st.stm32cube.ide.mcu.externaltools.gnu-tools-for-stm32.10.3-2021.10.win32_1.0.0.202111181127/tools/bin/../lib/gcc/arm-none-eabi/10.3.1/thumb/v7e-m+fp/hard/crtbegin.o

.rodata         0x0000000008004d08       0x38
                0x0000000008004d08                . = ALIGN (0x4)
 *(.rodata)
 *(.rodata*)
 .rodata.AHBPrescTable
                0x0000000008004d08       0x10 ./Core/Src/system_stm32f3xx.o
                0x0000000008004d08                AHBPrescTable
 .rodata.APBPrescTable
                0x0000000008004d18        0x8 ./Core/Src/system_stm32f3xx.o
                0x0000000008004d18                APBPrescTable
 .rodata.aPLLMULFactorTable
                0x0000000008004d20       0x10 ./Drivers/STM32F3xx_HAL_Driver/Src/stm32f3xx_hal_rcc.o
                0x0000000008004d20                aPLLMULFactorTable
 .rodata.aPredivFactorTable
                0x0000000008004d30       0x10 ./Drivers/STM32F3xx_HAL_Driver/Src/stm32f3xx_hal_rcc.o
                0x0000000008004d30                aPredivFactorTable
                0x0000000008004d40                . = ALIGN (0x4)

.rel.dyn        0x0000000008004d40        0x0
 .rel.iplt      0x0000000008004d40        0x0 c:/st/stm32cubeide_1.9.0/stm32cubeide/plugins/com.st.stm32cube.ide.mcu.externaltools.gnu-tools-for-stm32.10.3-2021.10.win32_1.0.0.202111181127/tools/bin/../lib/gcc/arm-none-eabi/10.3.1/thumb/v7e-m+fp/hard/crtbegin.o

.ARM.extab      0x0000000008004d40        0x0
                0x0000000008004d40                . = ALIGN (0x4)
 *(.ARM.extab* .gnu.linkonce.armextab.*)
                0x0000000008004d40                . = ALIGN (0x4)

.ARM            0x0000000008004d40        0x0
                0x0000000008004d40                . = ALIGN (0x4)
                0x0000000008004d40                __exidx_start = .
 *(.ARM.exidx*)
                0x0000000008004d40                __exidx_end = .
                0x0000000008004d40                . = ALIGN (0x4)

.preinit_array  0x0000000008004d40        0x0
                0x0000000008004d40                . = ALIGN (0x4)
                0x0000000008004d40                PROVIDE (__preinit_array_start = .)
 *(.preinit_array*)
                0x0000000008004d40                PROVIDE (__preinit_array_end = .)
                0x0000000008004d40                . = ALIGN (0x4)

.init_array     0x0000000008004d40        0x4
                0x0000000008004d40                . = ALIGN (0x4)
                0x0000000008004d40                PROVIDE (__init_array_start = .)
 *(SORT_BY_NAME(.init_array.*))
 *(.init_array*)
 .init_array    0x0000000008004d40        0x4 c:/st/stm32cubeide_1.9.0/stm32cubeide/plugins/com.st.stm32cube.ide.mcu.externaltools.gnu-tools-for-stm32.10.3-2021.10.win32_1.0.0.202111181127/tools/bin/../lib/gcc/arm-none-eabi/10.3.1/thumb/v7e-m+fp/hard/crtbegin.o
                0x0000000008004d44                PROVIDE (__init_array_end = .)
                0x0000000008004d44                . = ALIGN (0x4)

.fini_array     0x0000000008004d44        0x4
                0x0000000008004d44                . = ALIGN (0x4)
                [!provide]                        PROVIDE (__fini_array_start = .)
 *(SORT_BY_NAME(.fini_array.*))
 *(.fini_array*)
 .fini_array    0x0000000008004d44        0x4 c:/st/stm32cubeide_1.9.0/stm32cubeide/plugins/com.st.stm32cube.ide.mcu.externaltools.gnu-tools-for-stm32.10.3-2021.10.win32_1.0.0.202111181127/tools/bin/../lib/gcc/arm-none-eabi/10.3.1/thumb/v7e-m+fp/hard/crtbegin.o
                [!provide]                        PROVIDE (__fini_array_end = .)
                0x0000000008004d48                . = ALIGN (0x4)
                0x0000000008004d48                _sidata = LOADADDR (.data)

.data           0x0000000020000000        0xc load address 0x0000000008004d48
                0x0000000020000000                . = ALIGN (0x4)
                0x0000000020000000                _sdata = .
 *(.data)
 *(.data*)
 .data.SystemCoreClock
                0x0000000020000000        0x4 ./Core/Src/system_stm32f3xx.o
                0x0000000020000000                SystemCoreClock
 .data.uwTickPrio
                0x0000000020000004        0x4 ./Drivers/STM32F3xx_HAL_Driver/Src/stm32f3xx_hal.o
                0x0000000020000004                uwTickPrio
 .data.uwTickFreq
                0x0000000020000008        0x1 ./Drivers/STM32F3xx_HAL_Driver/Src/stm32f3xx_hal.o
                0x0000000020000008                uwTickFreq
 *(.RamFunc)
 *(.RamFunc*)
                0x000000002000000c                . = ALIGN (0x4)
 *fill*         0x0000000020000009        0x3 
                0x000000002000000c                _edata = .
                0x0000000008004d54                _siccmram = LOADADDR (.ccmram)

.igot.plt       0x000000002000000c        0x0 load address 0x0000000008004d54
 .igot.plt      0x000000002000000c        0x0 c:/st/stm32cubeide_1.9.0/stm32cubeide/plugins/com.st.stm32cube.ide.mcu.externaltools.gnu-tools-for-stm32.10.3-2021.10.win32_1.0.0.202111181127/tools/bin/../lib/gcc/arm-none-eabi/10.3.1/thumb/v7e-m+fp/hard/crtbegin.o

.ccmram         0x0000000010000000        0x0 load address 0x0000000008004d54
                0x0000000010000000                . = ALIGN (0x4)
                0x0000000010000000                _sccmram = .
 *(.ccmram)
 *(.ccmram*)
                0x0000000010000000                . = ALIGN (0x4)
                0x0000000010000000                _eccmram = .
                0x0000000010000000                . = ALIGN (0x4)

.bss            0x000000002000000c      0x140
                0x000000002000000c                _sbss = .
                0x000000002000000c                __bss_start__ = _sbss
 *(.bss)
 .bss           0x000000002000000c       0x1c c:/st/stm32cubeide_1.9.0/stm32cubeide/plugins/com.st.stm32cube.ide.mcu.externaltools.gnu-tools-for-stm32.10.3-2021.10.win32_1.0.0.202111181127/tools/bin/../lib/gcc/arm-none-eabi/10.3.1/thumb/v7e-m+fp/hard/crtbegin.o
 *(.bss*)
 .bss.hadc1     0x0000000020000028       0x50 ./Core/Src/main.o
                0x0000000020000028                hadc1
 .bss.htim1     0x0000000020000078       0x4c ./Core/Src/main.o
                0x0000000020000078                htim1
 .bss.huart2    0x00000000200000c4       0x84 ./Core/Src/main.o
                0x00000000200000c4                huart2
 .bss.uwTick    0x0000000020000148        0x4 ./Drivers/STM32F3xx_HAL_Driver/Src/stm32f3xx_hal.o
                0x0000000020000148                uwTick
 *(COMMON)
                0x000000002000014c                . = ALIGN (0x4)
                0x000000002000014c                _ebss = .
                0x000000002000014c                __bss_end__ = _ebss

._user_heap_stack
                0x000000002000014c      0x604
                0x0000000020000150                . = ALIGN (0x8)
 *fill*         0x000000002000014c        0x4 
                [!provide]                        PROVIDE (end = .)
                0x0000000020000150                PROVIDE (_end = .)
                0x0000000020000350                . = (. + _Min_Heap_Size)
 *fill*         0x0000000020000150      0x200 
                0x0000000020000750                . = (. + _Min_Stack_Size)
 *fill*         0x0000000020000350      0x400 
                0x0000000020000750                . = ALIGN (0x8)

/DISCARD/
 libc.a(*)
 libm.a(*)
 libgcc.a(*)

.ARM.attributes
                0x0000000000000000       0x30
 *(.ARM.attributes)
 .ARM.attributes
                0x0000000000000000       0x1e c:/st/stm32cubeide_1.9.0/stm32cubeide/plugins/com.st.stm32cube.ide.mcu.externaltools.gnu-tools-for-stm32.10.3-2021.10.win32_1.0.0.202111181127/tools/bin/../lib/gcc/arm-none-eabi/10.3.1/thumb/v7e-m+fp/hard/crti.o
 .ARM.attributes
                0x000000000000001e       0x34 c:/st/stm32cubeide_1.9.0/stm32cubeide/plugins/com.st.stm32cube.ide.mcu.externaltools.gnu-tools-for-stm32.10.3-2021.10.win32_1.0.0.202111181127/tools/bin/../lib/gcc/arm-none-eabi/10.3.1/thumb/v7e-m+fp/hard/crtbegin.o
 .ARM.attributes
                0x0000000000000052       0x34 ./Core/Src/main.o
 .ARM.attributes
                0x0000000000000086       0x34 ./Core/Src/stm32f3xx_hal_msp.o
 .ARM.attributes
                0x00000000000000ba       0x34 ./Core/Src/stm32f3xx_it.o
 .ARM.attributes
                0x00000000000000ee       0x34 ./Core/Src/system_stm32f3xx.o
 .ARM.attributes
                0x0000000000000122       0x21 ./Core/Startup/startup_stm32f303retx.o
 .ARM.attributes
                0x0000000000000143       0x34 ./Drivers/STM32F3xx_HAL_Driver/Src/stm32f3xx_hal.o
 .ARM.attributes
                0x0000000000000177       0x34 ./Drivers/STM32F3xx_HAL_Driver/Src/stm32f3xx_hal_adc_ex.o
 .ARM.attributes
                0x00000000000001ab       0x34 ./Drivers/STM32F3xx_HAL_Driver/Src/stm32f3xx_hal_cortex.o
 .ARM.attributes
                0x00000000000001df       0x34 ./Drivers/STM32F3xx_HAL_Driver/Src/stm32f3xx_hal_gpio.o
 .ARM.attributes
                0x0000000000000213       0x34 ./Drivers/STM32F3xx_HAL_Driver/Src/stm32f3xx_hal_rcc.o
 .ARM.attributes
                0x0000000000000247       0x34 ./Drivers/STM32F3xx_HAL_Driver/Src/stm32f3xx_hal_rcc_ex.o
 .ARM.attributes
                0x000000000000027b       0x34 ./Drivers/STM32F3xx_HAL_Driver/Src/stm32f3xx_hal_tim.o
 .ARM.attributes
                0x00000000000002af       0x34 ./Drivers/STM32F3xx_HAL_Driver/Src/stm32f3xx_hal_tim_ex.o
 .ARM.attributes
                0x00000000000002e3       0x34 ./Drivers/STM32F3xx_HAL_Driver/Src/stm32f3xx_hal_uart.o
 .ARM.attributes
                0x0000000000000317       0x34 c:/st/stm32cubeide_1.9.0/stm32cubeide/plugins/com.st.stm32cube.ide.mcu.externaltools.gnu-tools-for-stm32.10.3-2021.10.win32_1.0.0.202111181127/tools/bin/../lib/gcc/arm-none-eabi/10.3.1/../../../../arm-none-eabi/lib/thumb/v7e-m+fp/hard\libc_nano.a(lib_a-init.o)
 .ARM.attributes
                0x000000000000034b       0x34 c:/st/stm32cubeide_1.9.0/stm32cubeide/plugins/com.st.stm32cube.ide.mcu.externaltools.gnu-tools-for-stm32.10.3-2021.10.win32_1.0.0.202111181127/tools/bin/../lib/gcc/arm-none-eabi/10.3.1/../../../../arm-none-eabi/lib/thumb/v7e-m+fp/hard\libc_nano.a(lib_a-memset.o)
 .ARM.attributes
                0x000000000000037f       0x1e c:/st/stm32cubeide_1.9.0/stm32cubeide/plugins/com.st.stm32cube.ide.mcu.externaltools.gnu-tools-for-stm32.10.3-2021.10.win32_1.0.0.202111181127/tools/bin/../lib/gcc/arm-none-eabi/10.3.1/thumb/v7e-m+fp/hard/crtn.o
OUTPUT(labor1.elf elf32-littlearm)
LOAD linker stubs
LOAD c:/st/stm32cubeide_1.9.0/stm32cubeide/plugins/com.st.stm32cube.ide.mcu.externaltools.gnu-tools-for-stm32.10.3-2021.10.win32_1.0.0.202111181127/tools/bin/../lib/gcc/arm-none-eabi/10.3.1/../../../../arm-none-eabi/lib/thumb/v7e-m+fp/hard\libc.a
LOAD c:/st/stm32cubeide_1.9.0/stm32cubeide/plugins/com.st.stm32cube.ide.mcu.externaltools.gnu-tools-for-stm32.10.3-2021.10.win32_1.0.0.202111181127/tools/bin/../lib/gcc/arm-none-eabi/10.3.1/../../../../arm-none-eabi/lib/thumb/v7e-m+fp/hard\libm.a
LOAD c:/st/stm32cubeide_1.9.0/stm32cubeide/plugins/com.st.stm32cube.ide.mcu.externaltools.gnu-tools-for-stm32.10.3-2021.10.win32_1.0.0.202111181127/tools/bin/../lib/gcc/arm-none-eabi/10.3.1/thumb/v7e-m+fp/hard\libgcc.a

.debug_info     0x0000000000000000     0xfd9c
 .debug_info    0x0000000000000000     0x1889 ./Core/Src/main.o
 .debug_info    0x0000000000001889     0x11c8 ./Core/Src/stm32f3xx_hal_msp.o
 .debug_info    0x0000000000002a51      0x122 ./Core/Src/stm32f3xx_it.o
 .debug_info    0x0000000000002b73      0x416 ./Core/Src/system_stm32f3xx.o
 .debug_info    0x0000000000002f89       0x22 ./Core/Startup/startup_stm32f303retx.o
 .debug_info    0x0000000000002fab      0x837 ./Drivers/STM32F3xx_HAL_Driver/Src/stm32f3xx_hal.o
 .debug_info    0x00000000000037e2     0x16b2 ./Drivers/STM32F3xx_HAL_Driver/Src/stm32f3xx_hal_adc_ex.o
 .debug_info    0x0000000000004e94      0xdb5 ./Drivers/STM32F3xx_HAL_Driver/Src/stm32f3xx_hal_cortex.o
 .debug_info    0x0000000000005c49      0x74e ./Drivers/STM32F3xx_HAL_Driver/Src/stm32f3xx_hal_gpio.o
 .debug_info    0x0000000000006397     0x1597 ./Drivers/STM32F3xx_HAL_Driver/Src/stm32f3xx_hal_rcc.o
 .debug_info    0x000000000000792e      0x67f ./Drivers/STM32F3xx_HAL_Driver/Src/stm32f3xx_hal_rcc_ex.o
 .debug_info    0x0000000000007fad     0x2ca3 ./Drivers/STM32F3xx_HAL_Driver/Src/stm32f3xx_hal_tim.o
 .debug_info    0x000000000000ac50     0x1679 ./Drivers/STM32F3xx_HAL_Driver/Src/stm32f3xx_hal_tim_ex.o
 .debug_info    0x000000000000c2c9     0x3ad3 ./Drivers/STM32F3xx_HAL_Driver/Src/stm32f3xx_hal_uart.o

.debug_abbrev   0x0000000000000000     0x1c46
 .debug_abbrev  0x0000000000000000      0x29e ./Core/Src/main.o
 .debug_abbrev  0x000000000000029e      0x1f0 ./Core/Src/stm32f3xx_hal_msp.o
 .debug_abbrev  0x000000000000048e       0x74 ./Core/Src/stm32f3xx_it.o
 .debug_abbrev  0x0000000000000502      0x116 ./Core/Src/system_stm32f3xx.o
 .debug_abbrev  0x0000000000000618       0x12 ./Core/Startup/startup_stm32f303retx.o
 .debug_abbrev  0x000000000000062a      0x20e ./Drivers/STM32F3xx_HAL_Driver/Src/stm32f3xx_hal.o
 .debug_abbrev  0x0000000000000838      0x27a ./Drivers/STM32F3xx_HAL_Driver/Src/stm32f3xx_hal_adc_ex.o
 .debug_abbrev  0x0000000000000ab2      0x316 ./Drivers/STM32F3xx_HAL_Driver/Src/stm32f3xx_hal_cortex.o
 .debug_abbrev  0x0000000000000dc8      0x1bb ./Drivers/STM32F3xx_HAL_Driver/Src/stm32f3xx_hal_gpio.o
 .debug_abbrev  0x0000000000000f83      0x30c ./Drivers/STM32F3xx_HAL_Driver/Src/stm32f3xx_hal_rcc.o
 .debug_abbrev  0x000000000000128f      0x239 ./Drivers/STM32F3xx_HAL_Driver/Src/stm32f3xx_hal_rcc_ex.o
 .debug_abbrev  0x00000000000014c8      0x25d ./Drivers/STM32F3xx_HAL_Driver/Src/stm32f3xx_hal_tim.o
 .debug_abbrev  0x0000000000001725      0x265 ./Drivers/STM32F3xx_HAL_Driver/Src/stm32f3xx_hal_tim_ex.o
 .debug_abbrev  0x000000000000198a      0x2bc ./Drivers/STM32F3xx_HAL_Driver/Src/stm32f3xx_hal_uart.o

.debug_aranges  0x0000000000000000      0xd50
 .debug_aranges
                0x0000000000000000       0x50 ./Core/Src/main.o
 .debug_aranges
                0x0000000000000050       0x58 ./Core/Src/stm32f3xx_hal_msp.o
 .debug_aranges
                0x00000000000000a8       0x60 ./Core/Src/stm32f3xx_it.o
 .debug_aranges
                0x0000000000000108       0x28 ./Core/Src/system_stm32f3xx.o
 .debug_aranges
                0x0000000000000130       0x28 ./Core/Startup/startup_stm32f303retx.o
 .debug_aranges
                0x0000000000000158       0xe0 ./Drivers/STM32F3xx_HAL_Driver/Src/stm32f3xx_hal.o
 .debug_aranges
                0x0000000000000238      0x168 ./Drivers/STM32F3xx_HAL_Driver/Src/stm32f3xx_hal_adc_ex.o
 .debug_aranges
                0x00000000000003a0      0x118 ./Drivers/STM32F3xx_HAL_Driver/Src/stm32f3xx_hal_cortex.o
 .debug_aranges
                0x00000000000004b8       0x58 ./Drivers/STM32F3xx_HAL_Driver/Src/stm32f3xx_hal_gpio.o
 .debug_aranges
                0x0000000000000510       0x88 ./Drivers/STM32F3xx_HAL_Driver/Src/stm32f3xx_hal_rcc.o
 .debug_aranges
                0x0000000000000598       0x38 ./Drivers/STM32F3xx_HAL_Driver/Src/stm32f3xx_hal_rcc_ex.o
 .debug_aranges
                0x00000000000005d0      0x3e0 ./Drivers/STM32F3xx_HAL_Driver/Src/stm32f3xx_hal_tim.o
 .debug_aranges
                0x00000000000009b0      0x178 ./Drivers/STM32F3xx_HAL_Driver/Src/stm32f3xx_hal_tim_ex.o
 .debug_aranges
                0x0000000000000b28      0x228 ./Drivers/STM32F3xx_HAL_Driver/Src/stm32f3xx_hal_uart.o

.debug_ranges   0x0000000000000000      0xca8
 .debug_ranges  0x0000000000000000       0x40 ./Core/Src/main.o
 .debug_ranges  0x0000000000000040       0x48 ./Core/Src/stm32f3xx_hal_msp.o
 .debug_ranges  0x0000000000000088       0x50 ./Core/Src/stm32f3xx_it.o
 .debug_ranges  0x00000000000000d8       0x18 ./Core/Src/system_stm32f3xx.o
 .debug_ranges  0x00000000000000f0       0x20 ./Core/Startup/startup_stm32f303retx.o
 .debug_ranges  0x0000000000000110       0xd0 ./Drivers/STM32F3xx_HAL_Driver/Src/stm32f3xx_hal.o
 .debug_ranges  0x00000000000001e0      0x158 ./Drivers/STM32F3xx_HAL_Driver/Src/stm32f3xx_hal_adc_ex.o
 .debug_ranges  0x0000000000000338      0x108 ./Drivers/STM32F3xx_HAL_Driver/Src/stm32f3xx_hal_cortex.o
 .debug_ranges  0x0000000000000440       0x48 ./Drivers/STM32F3xx_HAL_Driver/Src/stm32f3xx_hal_gpio.o
 .debug_ranges  0x0000000000000488       0x78 ./Drivers/STM32F3xx_HAL_Driver/Src/stm32f3xx_hal_rcc.o
 .debug_ranges  0x0000000000000500       0x28 ./Drivers/STM32F3xx_HAL_Driver/Src/stm32f3xx_hal_rcc_ex.o
 .debug_ranges  0x0000000000000528      0x3d0 ./Drivers/STM32F3xx_HAL_Driver/Src/stm32f3xx_hal_tim.o
 .debug_ranges  0x00000000000008f8      0x168 ./Drivers/STM32F3xx_HAL_Driver/Src/stm32f3xx_hal_tim_ex.o
 .debug_ranges  0x0000000000000a60      0x248 ./Drivers/STM32F3xx_HAL_Driver/Src/stm32f3xx_hal_uart.o

.debug_macro    0x0000000000000000    0x209d6
 .debug_macro   0x0000000000000000      0x1ff ./Core/Src/main.o
 .debug_macro   0x00000000000001ff      0xa78 ./Core/Src/main.o
 .debug_macro   0x0000000000000c77      0x15d ./Core/Src/main.o
 .debug_macro   0x0000000000000dd4       0x2e ./Core/Src/main.o
 .debug_macro   0x0000000000000e02       0x28 ./Core/Src/main.o
 .debug_macro   0x0000000000000e2a       0x22 ./Core/Src/main.o
 .debug_macro   0x0000000000000e4c       0x8e ./Core/Src/main.o
 .debug_macro   0x0000000000000eda       0x51 ./Core/Src/main.o
 .debug_macro   0x0000000000000f2b      0x103 ./Core/Src/main.o
 .debug_macro   0x000000000000102e       0x6a ./Core/Src/main.o
 .debug_macro   0x0000000000001098      0x1df ./Core/Src/main.o
 .debug_macro   0x0000000000001277       0x1c ./Core/Src/main.o
 .debug_macro   0x0000000000001293       0x22 ./Core/Src/main.o
 .debug_macro   0x00000000000012b5       0xd9 ./Core/Src/main.o
 .debug_macro   0x000000000000138e     0x102d ./Core/Src/main.o
 .debug_macro   0x00000000000023bb      0x11f ./Core/Src/main.o
 .debug_macro   0x00000000000024da    0x1535a ./Core/Src/main.o
 .debug_macro   0x0000000000017834       0x6d ./Core/Src/main.o
 .debug_macro   0x00000000000178a1     0x3540 ./Core/Src/main.o
 .debug_macro   0x000000000001ade1      0x174 ./Core/Src/main.o
 .debug_macro   0x000000000001af55       0x55 ./Core/Src/main.o
 .debug_macro   0x000000000001afaa      0x954 ./Core/Src/main.o
 .debug_macro   0x000000000001b8fe      0x84a ./Core/Src/main.o
 .debug_macro   0x000000000001c148      0x1b6 ./Core/Src/main.o
 .debug_macro   0x000000000001c2fe      0x23a ./Core/Src/main.o
 .debug_macro   0x000000000001c538      0x1ea ./Core/Src/main.o
 .debug_macro   0x000000000001c722      0x1bc ./Core/Src/main.o
 .debug_macro   0x000000000001c8de       0x30 ./Core/Src/main.o
 .debug_macro   0x000000000001c90e       0x3c ./Core/Src/main.o
 .debug_macro   0x000000000001c94a      0x236 ./Core/Src/main.o
 .debug_macro   0x000000000001cb80      0x9fe ./Core/Src/main.o
 .debug_macro   0x000000000001d57e       0x77 ./Core/Src/main.o
 .debug_macro   0x000000000001d5f5       0xc5 ./Core/Src/main.o
 .debug_macro   0x000000000001d6ba      0x21d ./Core/Src/main.o
 .debug_macro   0x000000000001d8d7      0x22c ./Core/Src/main.o
 .debug_macro   0x000000000001db03       0x5b ./Core/Src/main.o
 .debug_macro   0x000000000001db5e       0xa5 ./Core/Src/main.o
 .debug_macro   0x000000000001dc03       0x81 ./Core/Src/main.o
 .debug_macro   0x000000000001dc84       0xd3 ./Core/Src/main.o
 .debug_macro   0x000000000001dd57      0xa3d ./Core/Src/main.o
 .debug_macro   0x000000000001e794       0xbb ./Core/Src/main.o
 .debug_macro   0x000000000001e84f      0x5a5 ./Core/Src/main.o
 .debug_macro   0x000000000001edf4       0x44 ./Core/Src/main.o
 .debug_macro   0x000000000001ee38      0x347 ./Core/Src/main.o
 .debug_macro   0x000000000001f17f       0x58 ./Core/Src/main.o
 .debug_macro   0x000000000001f1d7      0x1ff ./Core/Src/stm32f3xx_hal_msp.o
 .debug_macro   0x000000000001f3d6      0x209 ./Core/Src/stm32f3xx_it.o
 .debug_macro   0x000000000001f5df      0x1f0 ./Core/Src/system_stm32f3xx.o
 .debug_macro   0x000000000001f7cf      0x214 ./Drivers/STM32F3xx_HAL_Driver/Src/stm32f3xx_hal.o
 .debug_macro   0x000000000001f9e3      0x21a ./Drivers/STM32F3xx_HAL_Driver/Src/stm32f3xx_hal_adc_ex.o
 .debug_macro   0x000000000001fbfd      0x1f0 ./Drivers/STM32F3xx_HAL_Driver/Src/stm32f3xx_hal_cortex.o
 .debug_macro   0x000000000001fded      0x1f7 ./Drivers/STM32F3xx_HAL_Driver/Src/stm32f3xx_hal_gpio.o
 .debug_macro   0x000000000001ffe4      0x214 ./Drivers/STM32F3xx_HAL_Driver/Src/stm32f3xx_hal_rcc.o
 .debug_macro   0x00000000000201f8      0x1f0 ./Drivers/STM32F3xx_HAL_Driver/Src/stm32f3xx_hal_rcc_ex.o
 .debug_macro   0x00000000000203e8      0x1f1 ./Drivers/STM32F3xx_HAL_Driver/Src/stm32f3xx_hal_tim.o
 .debug_macro   0x00000000000205d9      0x1f0 ./Drivers/STM32F3xx_HAL_Driver/Src/stm32f3xx_hal_tim_ex.o
 .debug_macro   0x00000000000207c9      0x20d ./Drivers/STM32F3xx_HAL_Driver/Src/stm32f3xx_hal_uart.o

.debug_line     0x0000000000000000    0x116ff
 .debug_line    0x0000000000000000      0x93b ./Core/Src/main.o
 .debug_line    0x000000000000093b      0x810 ./Core/Src/stm32f3xx_hal_msp.o
 .debug_line    0x000000000000114b      0x7d6 ./Core/Src/stm32f3xx_it.o
 .debug_line    0x0000000000001921      0x78f ./Core/Src/system_stm32f3xx.o
 .debug_line    0x00000000000020b0       0x88 ./Core/Startup/startup_stm32f303retx.o
 .debug_line    0x0000000000002138      0x9bf ./Drivers/STM32F3xx_HAL_Driver/Src/stm32f3xx_hal.o
 .debug_line    0x0000000000002af7     0x2799 ./Drivers/STM32F3xx_HAL_Driver/Src/stm32f3xx_hal_adc_ex.o
 .debug_line    0x0000000000005290      0xc84 ./Drivers/STM32F3xx_HAL_Driver/Src/stm32f3xx_hal_cortex.o
 .debug_line    0x0000000000005f14      0xb48 ./Drivers/STM32F3xx_HAL_Driver/Src/stm32f3xx_hal_gpio.o
 .debug_line    0x0000000000006a5c     0x13b4 ./Drivers/STM32F3xx_HAL_Driver/Src/stm32f3xx_hal_rcc.o
 .debug_line    0x0000000000007e10      0xedb ./Drivers/STM32F3xx_HAL_Driver/Src/stm32f3xx_hal_rcc_ex.o
 .debug_line    0x0000000000008ceb     0x3ddf ./Drivers/STM32F3xx_HAL_Driver/Src/stm32f3xx_hal_tim.o
 .debug_line    0x000000000000caca     0x1ae4 ./Drivers/STM32F3xx_HAL_Driver/Src/stm32f3xx_hal_tim_ex.o
 .debug_line    0x000000000000e5ae     0x3151 ./Drivers/STM32F3xx_HAL_Driver/Src/stm32f3xx_hal_uart.o

.debug_str      0x0000000000000000    0xcf0ee
 .debug_str     0x0000000000000000    0xcbc69 ./Core/Src/main.o
                                      0xcc483 (size before relaxing)
 .debug_str     0x00000000000cbc69       0xe5 ./Core/Src/stm32f3xx_hal_msp.o
                                      0xcbdc6 (size before relaxing)
 .debug_str     0x00000000000cbd4e       0xc9 ./Core/Src/stm32f3xx_it.o
                                      0xcb336 (size before relaxing)
 .debug_str     0x00000000000cbe17       0xdf ./Core/Src/system_stm32f3xx.o
                                      0xcb29f (size before relaxing)
 .debug_str     0x00000000000cbef6       0x36 ./Core/Startup/startup_stm32f303retx.o
                                         0x6f (size before relaxing)
 .debug_str     0x00000000000cbf2c      0x700 ./Drivers/STM32F3xx_HAL_Driver/Src/stm32f3xx_hal.o
                                      0xcbb48 (size before relaxing)
 .debug_str     0x00000000000cc62c      0x865 ./Drivers/STM32F3xx_HAL_Driver/Src/stm32f3xx_hal_adc_ex.o
                                      0xcbf95 (size before relaxing)
 .debug_str     0x00000000000cce91      0x347 ./Drivers/STM32F3xx_HAL_Driver/Src/stm32f3xx_hal_cortex.o
                                      0xcbb9a (size before relaxing)
 .debug_str     0x00000000000cd1d8      0x14a ./Drivers/STM32F3xx_HAL_Driver/Src/stm32f3xx_hal_gpio.o
                                      0xcb484 (size before relaxing)
 .debug_str     0x00000000000cd322      0x2dd ./Drivers/STM32F3xx_HAL_Driver/Src/stm32f3xx_hal_rcc.o
                                      0xcb743 (size before relaxing)
 .debug_str     0x00000000000cd5ff       0xbe ./Drivers/STM32F3xx_HAL_Driver/Src/stm32f3xx_hal_rcc_ex.o
                                      0xcb58d (size before relaxing)
 .debug_str     0x00000000000cd6bd      0xdaf ./Drivers/STM32F3xx_HAL_Driver/Src/stm32f3xx_hal_tim.o
                                      0xcc6c6 (size before relaxing)
 .debug_str     0x00000000000ce46c      0x402 ./Drivers/STM32F3xx_HAL_Driver/Src/stm32f3xx_hal_tim_ex.o
                                      0xcbf1c (size before relaxing)
 .debug_str     0x00000000000ce86e      0x880 ./Drivers/STM32F3xx_HAL_Driver/Src/stm32f3xx_hal_uart.o
                                      0xcbf9a (size before relaxing)

.comment        0x0000000000000000       0x50
 .comment       0x0000000000000000       0x50 ./Core/Src/main.o
                                         0x51 (size before relaxing)
 .comment       0x0000000000000050       0x51 ./Core/Src/stm32f3xx_hal_msp.o
 .comment       0x0000000000000050       0x51 ./Core/Src/stm32f3xx_it.o
 .comment       0x0000000000000050       0x51 ./Core/Src/system_stm32f3xx.o
 .comment       0x0000000000000050       0x51 ./Drivers/STM32F3xx_HAL_Driver/Src/stm32f3xx_hal.o
 .comment       0x0000000000000050       0x51 ./Drivers/STM32F3xx_HAL_Driver/Src/stm32f3xx_hal_adc_ex.o
 .comment       0x0000000000000050       0x51 ./Drivers/STM32F3xx_HAL_Driver/Src/stm32f3xx_hal_cortex.o
 .comment       0x0000000000000050       0x51 ./Drivers/STM32F3xx_HAL_Driver/Src/stm32f3xx_hal_gpio.o
 .comment       0x0000000000000050       0x51 ./Drivers/STM32F3xx_HAL_Driver/Src/stm32f3xx_hal_rcc.o
 .comment       0x0000000000000050       0x51 ./Drivers/STM32F3xx_HAL_Driver/Src/stm32f3xx_hal_rcc_ex.o
 .comment       0x0000000000000050       0x51 ./Drivers/STM32F3xx_HAL_Driver/Src/stm32f3xx_hal_tim.o
 .comment       0x0000000000000050       0x51 ./Drivers/STM32F3xx_HAL_Driver/Src/stm32f3xx_hal_tim_ex.o
 .comment       0x0000000000000050       0x51 ./Drivers/STM32F3xx_HAL_Driver/Src/stm32f3xx_hal_uart.o

.debug_frame    0x0000000000000000     0x3884
 .debug_frame   0x0000000000000000       0xf4 ./Core/Src/main.o
 .debug_frame   0x00000000000000f4      0x138 ./Core/Src/stm32f3xx_hal_msp.o
 .debug_frame   0x000000000000022c      0x104 ./Core/Src/stm32f3xx_it.o
 .debug_frame   0x0000000000000330       0x58 ./Core/Src/system_stm32f3xx.o
 .debug_frame   0x0000000000000388      0x334 ./Drivers/STM32F3xx_HAL_Driver/Src/stm32f3xx_hal.o
 .debug_frame   0x00000000000006bc      0x644 ./Drivers/STM32F3xx_HAL_Driver/Src/stm32f3xx_hal_adc_ex.o
 .debug_frame   0x0000000000000d00      0x498 ./Drivers/STM32F3xx_HAL_Driver/Src/stm32f3xx_hal_cortex.o
 .debug_frame   0x0000000000001198      0x14c ./Drivers/STM32F3xx_HAL_Driver/Src/stm32f3xx_hal_gpio.o
 .debug_frame   0x00000000000012e4      0x214 ./Drivers/STM32F3xx_HAL_Driver/Src/stm32f3xx_hal_rcc.o
 .debug_frame   0x00000000000014f8       0xb4 ./Drivers/STM32F3xx_HAL_Driver/Src/stm32f3xx_hal_rcc_ex.o
 .debug_frame   0x00000000000015ac     0x121c ./Drivers/STM32F3xx_HAL_Driver/Src/stm32f3xx_hal_tim.o
 .debug_frame   0x00000000000027c8      0x688 ./Drivers/STM32F3xx_HAL_Driver/Src/stm32f3xx_hal_tim_ex.o
 .debug_frame   0x0000000000002e50      0x9e8 ./Drivers/STM32F3xx_HAL_Driver/Src/stm32f3xx_hal_uart.o
 .debug_frame   0x0000000000003838       0x2c c:/st/stm32cubeide_1.9.0/stm32cubeide/plugins/com.st.stm32cube.ide.mcu.externaltools.gnu-tools-for-stm32.10.3-2021.10.win32_1.0.0.202111181127/tools/bin/../lib/gcc/arm-none-eabi/10.3.1/../../../../arm-none-eabi/lib/thumb/v7e-m+fp/hard\libc_nano.a(lib_a-init.o)
 .debug_frame   0x0000000000003864       0x20 c:/st/stm32cubeide_1.9.0/stm32cubeide/plugins/com.st.stm32cube.ide.mcu.externaltools.gnu-tools-for-stm32.10.3-2021.10.win32_1.0.0.202111181127/tools/bin/../lib/gcc/arm-none-eabi/10.3.1/../../../../arm-none-eabi/lib/thumb/v7e-m+fp/hard\libc_nano.a(lib_a-memset.o)
