../Core/Src/main.c:72:7:getVoltageFromAdc	16	static
../Core/Src/main.c:98:5:getArithmeticADCValue	16	static
../Core/Src/main.c:108:6:initADCValueContainer	8	static
../Core/Src/main.c:124:5:main	8	static
../Core/Src/main.c:230:6:SystemClock_Config	96	static
../Core/Src/main.c:277:13:MX_ADC1_Init	48	static
../Core/Src/main.c:343:13:MX_TIM1_Init	112	static
../Core/Src/main.c:423:13:MX_USART2_UART_Init	8	static
../Core/Src/main.c:458:13:MX_GPIO_Init	48	static
../Core/Src/main.c:487:5:__io_putchar	24	static
../Core/Src/main.c:495:8:_write	32	static
../Core/Src/main.c:511:6:Error_Handler	4	static,ignoring_inline_asm
